BL51 BANKED LINKER/LOCATER V6.22                                                        03/16/2017  17:08:37  PAGE 1


BL51 BANKED LINKER/LOCATER V6.22, INVOKED BY:
D:\PROGRAM FILES\KEIL_C51_V5\C51\BIN\BL51.EXE STARTUP.obj, lt.obj TO TEST1


MEMORY MODEL: SMALL


INPUT MODULES INCLUDED:
  STARTUP.obj (?C_STARTUP)
  lt.obj (LT)


LINK MAP OF MODULE:  TEST1 (?C_STARTUP)


            TYPE    BASE      LENGTH    RELOCATION   SEGMENT NAME
            -----------------------------------------------------

            * * * * * * *   D A T A   M E M O R Y   * * * * * * *
            REG     0000H     0008H     ABSOLUTE     "REG BANK 0"
            IDATA   0008H     0001H     UNIT         ?STACK

            * * * * * * *   C O D E   M E M O R Y   * * * * * * *
            CODE    0000H     0003H     ABSOLUTE     
                    0003H     07FDH                  *** GAP ***
            CODE    0800H     0018H     UNIT         ?PR?MAIN?LT
            CODE    0818H     0015H     UNIT         ?PR?_DELAY?LT
            CODE    082DH     000CH     UNIT         ?C_C51STARTUP



OVERLAY MAP OF MODULE:   TEST1 (?C_STARTUP)


SEGMENT
  +--> CALLED SEGMENT
---------------------
?C_C51STARTUP
  +--> ?PR?MAIN?LT

?PR?MAIN?LT
  +--> ?PR?_DELAY?LT



SYMBOL TABLE OF MODULE:  TEST1 (?C_STARTUP)

  VALUE           TYPE          NAME
  ----------------------------------

  -------         MODULE        ?C_STARTUP
  C:082DH         SEGMENT       ?C_C51STARTUP
  I:0008H         SEGMENT       ?STACK
  C:0000H         PUBLIC        ?C_STARTUP
  D:00E0H         SYMBOL        ACC
  D:00F0H         SYMBOL        B
  D:0083H         SYMBOL        DPH
  D:0082H         SYMBOL        DPL
BL51 BANKED LINKER/LOCATER V6.22                                                      03/16/2017  17:08:37  PAGE 2


  N:0000H         SYMBOL        IBPSTACK
  N:0100H         SYMBOL        IBPSTACKTOP
  N:0080H         SYMBOL        IDATALEN
  C:0830H         SYMBOL        IDATALOOP
  N:0000H         SYMBOL        PBPSTACK
  N:0100H         SYMBOL        PBPSTACKTOP
  N:0000H         SYMBOL        PDATALEN
  N:0000H         SYMBOL        PDATASTART
  N:0000H         SYMBOL        PPAGE
  N:0000H         SYMBOL        PPAGEENABLE
  D:00A0H         SYMBOL        PPAGE_SFR
  D:0081H         SYMBOL        SP
  C:082DH         SYMBOL        STARTUP1
  N:0000H         SYMBOL        XBPSTACK
  N:0000H         SYMBOL        XBPSTACKTOP
  N:0000H         SYMBOL        XDATALEN
  N:0000H         SYMBOL        XDATASTART
  C:0000H         LINE#         126
  C:082DH         LINE#         133
  C:082FH         LINE#         134
  C:0830H         LINE#         135
  C:0831H         LINE#         136
  C:0833H         LINE#         185
  C:0836H         LINE#         196
  -------         ENDMOD        ?C_STARTUP

  -------         MODULE        LT
  C:0000H         SYMBOL        _ICE_DUMMY_
  D:0090H         PUBLIC        P1
  D:00B0H         PUBLIC        P3
  D:00A8H         PUBLIC        IE
  C:0818H         PUBLIC        _delay
  D:00B8H         PUBLIC        IP
  C:0800H         PUBLIC        main
  D:0098H         PUBLIC        SCON
  D:0088H         PUBLIC        TCON
  B:0090H.0       PUBLIC        led1
  D:00C8H         PUBLIC        T2CON
  B:0090H.1       PUBLIC        led2
  D:00D0H         PUBLIC        PSW
  -------         PROC          _DELAY
  D:0006H         SYMBOL        n
  -------         DO            
  D:0005H         SYMBOL        i
  -------         ENDDO         
  C:0818H         LINE#         5
  C:0818H         LINE#         6
  C:0818H         LINE#         8
  C:0821H         LINE#         9
  C:082CH         LINE#         10
  -------         ENDPROC       _DELAY
  -------         PROC          MAIN
  C:0800H         LINE#         12
  C:0800H         LINE#         13
  C:0800H         LINE#         14
  C:0800H         LINE#         15
  C:0800H         LINE#         16
BL51 BANKED LINKER/LOCATER V6.22                                                      03/16/2017  17:08:37  PAGE 3


  C:0802H         LINE#         17
  C:0804H         LINE#         18
  C:080BH         LINE#         19
  C:080DH         LINE#         20
  C:080FH         LINE#         21
  C:0816H         LINE#         22
  -------         ENDPROC       MAIN
  -------         ENDMOD        LT

******************************************************************************
* RESTRICTED VERSION WITH 0800H BYTE CODE SIZE LIMIT; USED: 003CH BYTE ( 2%) *
******************************************************************************

Program Size: data=9.0 xdata=0 code=60
LINK/LOCATE RUN COMPLETE.  0 WARNING(S),  0 ERROR(S)
